// Jest Snapshot v1, https://goo.gl/fbAQLP

exports[`<BookItem> renders properly 1`] = `
<div
  className="book"
  onClick={[Function]}
>
  <img
    id="book-cover-Princesa"
    src="src/assets/library/princesa.png"
  />
  <label
    htmlFor="book-cover-Princesa"
  >
    Princesa
  </label>
</div>
`;
