// Jest Snapshot v1, https://goo.gl/fbAQLP

exports[`<Shelf> renders properly 1`] = `
<React.Fragment>
  <div
    className="shelf"
  >
    <Item
      isSelected={false}
      item={
        Object {
          "icon": "princess.png",
          "label": "Princesa",
          "url": "princesa",
        }
      }
      onSelect={[Function]}
    />
    <Item
      isSelected={false}
      item={
        Object {
          "disabled": true,
          "icon": "wizard.png",
          "label": "Mago",
          "url": "mago",
        }
      }
      onSelect={[Function]}
    />
    <Item
      isSelected={false}
      item={
        Object {
          "disabled": true,
          "icon": "unicorn.png",
          "label": "Unicórnio",
          "url": "unicornio",
        }
      }
      onSelect={[Function]}
    />
  </div>
</React.Fragment>
`;

exports[`<Shelf> renders properly with custom label 1`] = `
<React.Fragment>
  <div
    className="shelf"
  >
    <Item
      isSelected={false}
      item={
        Object {
          "icon": "princess.png",
          "label": "Princesa",
          "url": "princesa",
        }
      }
      onSelect={[Function]}
    />
    <Item
      isSelected={false}
      item={
        Object {
          "disabled": true,
          "icon": "wizard.png",
          "label": "Mago",
          "url": "mago",
        }
      }
      onSelect={[Function]}
    />
    <Item
      isSelected={false}
      item={
        Object {
          "disabled": true,
          "icon": "unicorn.png",
          "label": "Unicórnio",
          "url": "unicornio",
        }
      }
      onSelect={[Function]}
    />
  </div>
</React.Fragment>
`;

exports[`<Shelf> with single item renders properly 1`] = `
<button
  onClick={[Function]}
>
  Avançar
</button>
`;
