// Jest Snapshot v1, https://goo.gl/fbAQLP

exports[`<App> renders properly 1`] = `
<BrowserRouter>
  <div
    className="main"
  >
    <Header />
    <Switch>
      <Route
        path="/biblioteca/:story"
      >
        <Storyteller />
      </Route>
      <Route
        path="/biblioteca"
      >
        <Library />
      </Route>
      <Route
        path="/"
      >
        <LandingPage />
      </Route>
    </Switch>
  </div>
</BrowserRouter>
`;
